=== Pulse-Nightly-09: 3 新链运行结果 ===
▶ 链16: SKU生命周期 + 缓存一致性 (Admin→Storefront→Mobile→API→Domain→SDK)
  ✔ [正例] Admin创建全新SKU → 存储成功, 触发SDK事件 (2.705625ms)
  ✔ [正例] Admin上架SKU → 状态变为published, 触发SDK事件 (0.604708ms)
  ✔ [正例] Admin更新SKU价格 → 价格生效, version递增 (0.291708ms)
  ✔ [反例] Admin创建重复SKU → 拒绝 (0.134916ms)
  ✔ [反例] Admin更新负价格 → 拒绝 (0.156583ms)
  ✔ [反例] Admin上架已停售SKU → 拒绝 (0.134708ms)
  ✔ [正例] Storefront查询已上架列表 → 包含已发布SKU, 不包含草稿/停售 (0.336ms)
  ✔ [正例] Storefront查询某个已上架SKU详情 → 缓存命中, 数据与Store一致 (0.461041ms)
  ✔ [反例] Storefront查询不存在的SKU → 返回not_found (0.16ms)
  ✔ [反例] Storefront查询停售SKU → 返回详情(允许查看历史) (0.335167ms)
  ✔ [正例] Mobile下订单库存充足 → 成功, 库存扣减 (0.943166ms)
  ✔ [反例] Mobile下单库存不足 → 拒绝 (0.2155ms)
  ✔ [反例] Mobile下单草稿SKU → 拒绝 (0.149167ms)
  ✔ [反例] Mobile下单超过单次限购 → 拒绝 (0.222875ms)
  ✔ [反例] Mobile下单无效数量 → 拒绝 (0.098541ms)
  ✔ [正例] Admin编辑SKU → 缓存自动失效, 下次查询命中最新值 (0.140125ms)
  ✔ [反例] Admin编辑停售SKU → 拒绝 (0.070167ms)
  ✔ [正例] SDK事件按SKU查询 → 完整的生命周期事件链 (0.169917ms)
  ✔ [正例] SDK事件按eventType筛选 → 仅返回指定类型 (0.112834ms)
  ✔ [边界] 连续多次下单同一SKU → 库存精确递减 (0.245375ms)
  ✔ [边界] Admin修改价格 → Storefront侧及时更新 → Mobile下单使用新价格 (0.1605ms)
  ✔ [边界] 批量Admin操作 → SDK事件精确记录 (0.182959ms)
  ✔ [边界] Admin更新库存 → Storefront缓存自动失效 → 下次查询已更新 (0.134583ms)
✔ 链16: SKU生命周期 + 缓存一致性 (Admin→Storefront→Mobile→API→Domain→SDK) (10.674459ms)
▶ 链17: 消息推送 + 通知治理 (Miniapp→Domain→Admin→Tob-Web)
  ✔ [正例] Miniapp触发订单预警事件 → 创建通知, 匹配规则 (0.513291ms)
  ✔ [正例] Miniapp触发退款预警(urgent) → 接受并创建sms规则通知 (0.0895ms)
  ✔ [正例] Miniapp触发系统公告(low) → 接受, low≥low 通过 (0.052584ms)
  ✔ [反例] Miniapp触发normal优先级的不合规事件 → 拒绝(urgent required) (0.0615ms)
  ✔ [反例] Miniapp触发已禁用规则(disabled rule) → 拒绝 (0.067333ms)
  ✔ [反例] Miniapp相同requestId重复触发 → 幂等返回alreadyProcessed (0.042584ms)
  ✔ [正例] Domain派发通知 → pending→sent, 记录发送数量 (0.074958ms)
  ✔ [正例] Domain按角色查询通知 → 返回该角色所有目标通知 (0.085292ms)
  ✔ [正例] Admin查询全部规则 → 返回4条默认规则 (0.43575ms)
  ✔ [正例] Admin更新规则(禁用order_alerts) → 立即生效 (0.092916ms)
  ✔ [正例] Admin启用SMS + 提高最低优先级 → 规则更新成功 (0.047958ms)
  ✔ [反例] Admin更新不存在的规则 → 拒绝 (0.049917ms)
  ✔ [正例] Tob-Web管理员查看未读通知 → 未读计数正确 (0.087708ms)
  ✔ [正例] Tob-Web管理员批量标记已读 → 未读计数减少 (0.114042ms)
  ✔ [正例] Tob-Web财务角色查看退款通知 → 专属通知出现 (0.065708ms)
  ✔ [反例] Tob-Web标记不存在的通知 → 返回错误 (0.03525ms)
  ✔ [反例] Tob-Web操作不属于自己的通知 → 拒绝 (0.037792ms)
  ✔ [边界] 已禁用的规则不生成新通知, 已生成的通知仍然存在 (0.03925ms)
  ✔ [边界] 归档通知 → 不再计入未读 (0.078042ms)
  ✔ [边界] 多角色同时标记已读 → 全读后状态变为read (0.069542ms)
  ✔ [边界] 更改规则优先级 → 影响后续事件, 不影响已有通知 (0.049834ms)
✔ 链17: 消息推送 + 通知治理 (Miniapp→Domain→Admin→Tob-Web) (5.557625ms)
▶ 链18: 退款全流程 + 极限场景 + 降序验证 (Mobile→API→Domain→Storefront)
  ✔ [正例] Mobile发起全额退款请求 → 创建refund, status=requested (1.408709ms)
  ✔ [正例] Mobile发起部分退款请求(仅退一件商品) → 创建refund (0.116166ms)
  ✔ [正例] Mobile发起全额退款未送达订单 → 可以退款 (0.062833ms)
  ✔ [反例] Mobile重复提交相同requestId → 幂等返回 (0.052541ms)
  ✔ [反例] Mobile退款金额为0 → 拒绝 (0.043166ms)
  ✔ [反例] Mobile退款超额 → 拒绝 (0.044208ms)
  ✔ [反例] Mobile退款已取消订单 → 拒绝 (0.059ms)
  ✔ [反例] Mobile退款不存在的订单 → 拒绝 (0.062958ms)
  ✔ [正例] API审核通过退款 → status→approved (0.126583ms)
  ✔ [正例] API审核通过其他退款 → approved (0.079ms)
  ✔ [反例] API拒绝退款 → status→rejected, 记录原因 (0.093125ms)
  ✔ [反例] API重复审核同一退款 → 拒绝(非requested状态) (0.058208ms)
  ✔ [反例] API审核不存在的退款 → 拒绝 (0.051084ms)
  ✔ [正例] Domain处理已审核退款 → processing→completed, 时间线记录完整 (0.130416ms)
  ✔ [正例] Domain处理全额退款 → 订单标记为cancelled (0.031583ms)
  ✔ [反例] Domain处理非approved状态的退款 → 拒绝 (0.065792ms)
  ✔ [反例] Domain处理不存在的退款 → 拒绝 (0.043917ms)
  ✔ [正例] Storefront查看某订单退款列表 → 降序排列(最新最前) (0.077833ms)
  ✔ [正例] Storefront查看全部退款聚合统计 → 统计各项指标 (0.070875ms)
  ✔ [正例] Storefront按升序查看退款 → 最早请求在最前 (0.054458ms)
  ✔ [反例] Storefront查询不存在订单的退款 → 返回空列表 (0.032083ms)
  ✔ [边界] Storefront按时间段过滤退款统计 → 仅统计该时段 (0.043375ms)
  ✔ [边界] 多笔退款同时请求同一订单 → 各自独立, 不影响已有的处理 (0.049917ms)
  ✔ [边界] 退款状态转换完整闭环 → requested→approved→processing→completed (0.039958ms)
  ✔ [边界] 退款已完成 → 不再接受新的处理请求 (0.035833ms)
  ✔ [边界] Storefront退款列表总量与明细一致 (0.047209ms)
✔ 链18: 退款全流程 + 极限场景 + 降序验证 (Mobile→API→Domain→Storefront) (3.931625ms)
ℹ tests 70
ℹ suites 3
ℹ pass 70
ℹ fail 0
ℹ cancelled 0
ℹ skipped 0
ℹ todo 0
ℹ duration_ms 272.139084
